// Jest Snapshot v1, https://goo.gl/fbAQLP

exports[`Card applies custom class names 1`] = `
<div
  class="min-w-sm md:min-w-md lg:min-w-lg p-8 bg-white dark:bg-black shadow-xl rounded-lg ring-1 ring-slate-900/5 custom-class"
>
  Test Content
</div>
`;
